<html>
<body>
<pre>
<h1>µVision Build Log</h1>
<h2>Tool Versions:</h2>
IDE-Version: ÂµVision V5.29.0.0
Copyright (C) 2019 ARM Ltd and ARM Germany GmbH. All rights reserved.
License Information: raz schnarch, own, LIC=----
 
Tool Versions:
Toolchain:       MDK-Lite  Version: 5.29.0.0
Toolchain Path:  C:\Keil_v5\ARM\ARMCC\Bin
C Compiler:      Armcc.exe V5.06 update 6 (build 750)
Assembler:       Armasm.exe V5.06 update 6 (build 750)
Linker/Locator:  ArmLink.exe V5.06 update 6 (build 750)
Library Manager: ArmAr.exe V5.06 update 6 (build 750)
Hex Converter:   FromElf.exe V5.06 update 6 (build 750)
CPU DLL:         SARMCM3.DLL V5.29.0.0
Dialog DLL:      DCM.DLL V1.17.3.0
Target DLL:      STLink\ST-LINKIII-KEIL_SWO.dll V3.0.7.0
Dialog DLL:      TCM.DLL V1.36.5.0
 
<h2>Project:</h2>
C:\Users\Raz\Desktop\lab4ro\lab4\MDK-ARM\lab4ro.uvprojx
Project File Date:  05/06/2020

<h2>Output:</h2>
*** Using Compiler 'V5.06 update 6 (build 750)', folder: 'C:\Keil_v5\ARM\ARMCC\Bin'
Rebuild target 'lab4ro'
assembling startup_stm32f103xb.s...
compiling stm32f1xx_it.c...
../Src/stm32f1xx_it.c(247): warning:  #177-D: variable "skipi"  was declared but never referenced
  	static int skipi=0;
../Src/stm32f1xx_it.c(251): warning:  #177-D: variable "bits_counter"  was declared but never referenced
  	static int bits_counter=0;
../Src/stm32f1xx_it.c(253): warning:  #177-D: variable "stop_bit"  was declared but never referenced
  	static uint32_t stop_bit = 0;
../Src/stm32f1xx_it.c(49): warning:  #177-D: variable "for_check"  was declared but never referenced
  static uint32_t for_check=3;
../Src/stm32f1xx_it.c(50): warning:  #550-D: variable "new_data"  was set but never used
  static uint32_t new_data=0;
../Src/stm32f1xx_it.c(51): warning:  #550-D: variable "x"  was set but never used
  static uint32_t x =0;
../Src/stm32f1xx_it.c: 6 warnings, 0 errors
compiling stm32f1xx_hal_msp.c...
compiling stm32f1xx_hal_gpio_ex.c...
compiling stm32f1xx_hal_tim_ex.c...
compiling stm32f1xx_hal.c...
compiling main.c...
../Src/main.c(198): warning:  #188-D: enumerated type mixed with another type
  					HAL_GPIO_WritePin(phy_tx_data_GPIO_Port,phy_tx_data_Pin,parity_tx);
../Src/main.c(170): warning:  #177-D: variable "start_bit"  was declared but never referenced
  	static uint32_t start_bit=1;
../Src/main.c(65): warning:  #177-D: variable "pr_clock_val"  was declared but never referenced
  static uint8_t pr_clock_val=0;
../Src/main.c(67): warning:  #177-D: variable "p_clock_val"  was declared but never referenced
  static uint8_t p_clock_val = 0; 
../Src/main.c(68): warning:  #177-D: variable "Rx_value"  was declared but never referenced
  static uint32_t Rx_value = 0;
../Src/main.c(69): warning:  #550-D: variable "Tx_value"  was set but never used
  static uint32_t Tx_value = 0;
../Src/main.c(70): warning:  #177-D: variable "Rx_clock_value"  was declared but never referenced
  static uint8_t Rx_clock_value ;
../Src/main.c(71): warning:  #177-D: variable "Tx_clock_value"  was declared but never referenced
  static uint8_t Tx_clock_value ;
../Src/main.c(73): warning:  #177-D: variable "t_data"  was declared but never referenced
  static uint16_t t_data =0;
../Src/main.c(83): warning:  #177-D: variable "odr_temp"  was declared but never referenced
  static uint16_t odr_temp=0;
../Src/main.c(84): warning:  #177-D: variable "tempi"  was declared but never referenced
  static uint32_t tempi = 0;
../Src/main.c: 11 warnings, 0 errors
compiling stm32f1xx_hal_tim.c...
compiling stm32f1xx_hal_rcc_ex.c...
compiling stm32f1xx_hal_cortex.c...
compiling stm32f1xx_hal_rcc.c...
compiling stm32f1xx_hal_gpio.c...
compiling stm32f1xx_hal_pwr.c...
compiling stm32f1xx_hal_flash.c...
compiling stm32f1xx_hal_dma.c...
compiling stm32f1xx_hal_flash_ex.c...
compiling system_stm32f1xx.c...
linking...
Program Size: Code=5256 RO-data=284 RW-data=144 ZI-data=1232  
FromELF: creating hex file...
"lab4ro\lab4ro.axf" - 0 Error(s), 17 Warning(s).

<h2>Software Packages used:</h2>

Package Vendor: ARM
                http://www.keil.com/pack/ARM.CMSIS.5.6.0.pack
                ARM.CMSIS.5.6.0
                CMSIS (Cortex Microcontroller Software Interface Standard)
   * Component: CORE Version: 5.3.0

Package Vendor: Keil
                http://www.keil.com/pack/Keil.STM32F1xx_DFP.2.2.0.pack
                Keil.STM32F1xx_DFP.2.2.0
                STMicroelectronics STM32F1 Series Device Support, Drivers and Examples

<h2>Collection of Component include folders:</h2>
  .\RTE\_lab4ro
  C:\Users\Raz\AppData\Local\Arm\Packs\ARM\CMSIS\5.6.0\CMSIS\Core\Include
  C:\Users\Raz\AppData\Local\Arm\Packs\Keil\STM32F1xx_DFP\2.2.0\Device\Include

<h2>Collection of Component Files used:</h2>

   * Component: ARM::CMSIS:CORE:5.3.0
Build Time Elapsed:  00:00:14
</pre>
</body>
</html>
